[     115ms] [LOG] [Fast Refresh] rebuilding @ http://localhost:3000/_next/static/chunks/node_modules_next_dist_1ybzpk2._.js:2489
[     663ms] [LOG] [Fast Refresh] done in 648ms @ http://localhost:3000/_next/static/chunks/node_modules_next_dist_1ybzpk2._.js:2489
[     904ms] [INFO] %cDownload the React DevTools for a better development experience: https://react.dev/link/react-devtools font-weight:bold @ http://localhost:3000/_next/static/chunks/node_modules_next_dist_1ybzpk2._.js:2489
[     921ms] [LOG] [HMR] connected @ http://localhost:3000/_next/static/chunks/node_modules_next_dist_1ybzpk2._.js:2489
[   26704ms] [LOG] [Fast Refresh] rebuilding @ http://localhost:3000/_next/static/chunks/node_modules_next_dist_1ybzpk2._.js:2489
[   26770ms] [LOG] [Fast Refresh] done in 121ms @ http://localhost:3000/_next/static/chunks/node_modules_next_dist_1ybzpk2._.js:2489
[   39820ms] [LOG] [Fast Refresh] rebuilding @ http://localhost:3000/_next/static/chunks/node_modules_next_dist_1ybzpk2._.js:2489
[   40207ms] [LOG] [Fast Refresh] done in 443ms @ http://localhost:3000/_next/static/chunks/node_modules_next_dist_1ybzpk2._.js:2489
[   40310ms] [LOG] [Fast Refresh] rebuilding @ http://localhost:3000/_next/static/chunks/node_modules_next_dist_1ybzpk2._.js:2489
[   40705ms] [LOG] [Fast Refresh] done in 498ms @ http://localhost:3000/_next/static/chunks/node_modules_next_dist_1ybzpk2._.js:2489
[   40899ms] [LOG] [Fast Refresh] rebuilding @ http://localhost:3000/_next/static/chunks/node_modules_next_dist_1ybzpk2._.js:2489
[   40900ms] [LOG] [Fast Refresh] done in 101ms @ http://localhost:3000/_next/static/chunks/node_modules_next_dist_1ybzpk2._.js:2489
[   41073ms] [LOG] [Fast Refresh] rebuilding @ http://localhost:3000/_next/static/chunks/node_modules_next_dist_1ybzpk2._.js:2489
[   41098ms] [LOG] [Fast Refresh] done in 134ms @ http://localhost:3000/_next/static/chunks/node_modules_next_dist_1ybzpk2._.js:2489
[   41995ms] [LOG] [Fast Refresh] rebuilding @ http://localhost:3000/_next/static/chunks/node_modules_next_dist_1ybzpk2._.js:2489
[   42093ms] [LOG] [Fast Refresh] done in 201ms @ http://localhost:3000/_next/static/chunks/node_modules_next_dist_1ybzpk2._.js:2489
[   42480ms] [LOG] [Fast Refresh] rebuilding @ http://localhost:3000/_next/static/chunks/node_modules_next_dist_1ybzpk2._.js:2489
[   42501ms] [LOG] [Fast Refresh] done in 124ms @ http://localhost:3000/_next/static/chunks/node_modules_next_dist_1ybzpk2._.js:2489
[   43063ms] [LOG] [Fast Refresh] rebuilding @ http://localhost:3000/_next/static/chunks/node_modules_next_dist_1ybzpk2._.js:2489
[   43081ms] [LOG] [Fast Refresh] done in 117ms @ http://localhost:3000/_next/static/chunks/node_modules_next_dist_1ybzpk2._.js:2489
[   44184ms] [LOG] [Fast Refresh] rebuilding @ http://localhost:3000/_next/static/chunks/node_modules_next_dist_1ybzpk2._.js:2489
[   44204ms] [LOG] [Fast Refresh] done in 121ms @ http://localhost:3000/_next/static/chunks/node_modules_next_dist_1ybzpk2._.js:2489
[   44509ms] [LOG] [Fast Refresh] rebuilding @ http://localhost:3000/_next/static/chunks/node_modules_next_dist_1ybzpk2._.js:2489
[   44515ms] [LOG] [Fast Refresh] done in 109ms @ http://localhost:3000/_next/static/chunks/node_modules_next_dist_1ybzpk2._.js:2489
[   44618ms] [LOG] [Fast Refresh] rebuilding @ http://localhost:3000/_next/static/chunks/node_modules_next_dist_1ybzpk2._.js:2489
[   44621ms] [LOG] [Fast Refresh] done in 106ms @ http://localhost:3000/_next/static/chunks/node_modules_next_dist_1ybzpk2._.js:2489
[   44975ms] [LOG] [Fast Refresh] rebuilding @ http://localhost:3000/_next/static/chunks/node_modules_next_dist_1ybzpk2._.js:2489
[   44987ms] [LOG] [Fast Refresh] done in 120ms @ http://localhost:3000/_next/static/chunks/node_modules_next_dist_1ybzpk2._.js:2489
[   46599ms] [LOG] [Fast Refresh] rebuilding @ http://localhost:3000/_next/static/chunks/node_modules_next_dist_1ybzpk2._.js:2489
[   46620ms] [LOG] [Fast Refresh] done in 132ms @ http://localhost:3000/_next/static/chunks/node_modules_next_dist_1ybzpk2._.js:2489
[   47736ms] [LOG] [Fast Refresh] rebuilding @ http://localhost:3000/_next/static/chunks/node_modules_next_dist_1ybzpk2._.js:2489
[   47774ms] [LOG] [Fast Refresh] done in 138ms @ http://localhost:3000/_next/static/chunks/node_modules_next_dist_1ybzpk2._.js:2489
[   98425ms] [LOG] [Fast Refresh] rebuilding @ http://localhost:3000/_next/static/chunks/node_modules_next_dist_1ybzpk2._.js:2489
[   98460ms] [ERROR] Failed to load resource: the server responded with a status of 500 (Internal Server Error) @ http://localhost:3000/istoriya?_rsc=O8B1YwW30rMLtnqc:0
[   98606ms] [ERROR] Failed to load resource: the server responded with a status of 500 (Internal Server Error) @ http://localhost:3000/istoriya:0
[   98748ms] [INFO] %cDownload the React DevTools for a better development experience: https://react.dev/link/react-devtools font-weight:bold @ http://localhost:3000/_next/static/chunks/node_modules_react-dom_0kla17-._.js:15305
[   98814ms] Error: ./topinjector/src/components/landing/pricing.tsx:29:7
the name `groupDigits` is defined multiple times
  27 |   «1 900» читается как два числа. Узкий неразрывный пробел держит разряд группой.
  28 | */
> 29 | const groupDigits = (price: string) => price.replace(/\s/g, " ");
     |       ^^^^^^^^^^^
  30 |
  31 | export function Pricing() {
  32 |   return (

Ecmascript file had an error

Import trace:
  Server Component:
    ./topinjector/src/components/landing/pricing.tsx
    ./topinjector/src/app/service/page.tsx


    at <unknown> (Error: ./topinjector/src/components/landing/pricing.tsx:29:7)
    at Object.getCompilationErrors (file://C:\Users\Prival\Desktop\ClickCreator\node_modules\next\dist\server\dev\hot-reloader-turbopack.js:1186:59)
    at DevBundlerService.getCompilationError (file://C:\Users\Prival\Desktop\ClickCreator\node_modules\next\dist\server\lib\dev-bundler-service.js:44:55)
    at DevServer.getCompilationError (file://C:\Users\Prival\Desktop\ClickCreator\node_modules\next\dist\server\dev\next-dev-server.js:720:42)
    at DevServer.findPageComponents (file://C:\Users\Prival\Desktop\ClickCreator\node_modules\next\dist\server\dev\next-dev-server.js:690:43)
    at async DevServer.renderErrorToResponseImpl (file://C:\Users\Prival\Desktop\ClickCreator\node_modules\next\dist\server\base-server.js:1753:26)
[   98815ms] [LOG] [HMR] connected @ http://localhost:3000/_next/static/chunks/node_modules_next_dist_1gdrd03._.js:1226
[   98820ms] [ERROR] ./topinjector/src/components/landing/pricing.tsx:29:7
the name `groupDigits` is defined multiple times
  27 |   «1 900» читается как два числа. Узкий неразрывный пробел держит разряд группой.
  28 | */
> 29 | const groupDigits = (price: string) => price.replace(/\s/g, " ");
     |       ^^^^^^^^^^^
  30 |
  31 | export function Pricing() {
  32 |   return (

Ecmascript file had an error

Import trace:
  Server Component:
    ./topinjector/src/components/landing/pricing.tsx
    ./topinjector/src/app/service/page.tsx @ http://localhost:3000/_next/static/chunks/node_modules_next_dist_1gdrd03._.js:1945
[   98858ms] [ERROR] ./topinjector/src/components/landing/pricing.tsx:29:7
the name `groupDigits` is defined multiple times
  27 |   «1 900» читается как два числа. Узкий неразрывный пробел держит разряд группой.
  28 | */
> 29 | const groupDigits = (price: string) => price.replace(/\s/g, " ");
     |       ^^^^^^^^^^^
  30 |
  31 | export function Pricing() {
  32 |   return (

Ecmascript file had an error

Import trace:
  Server Component:
    ./topinjector/src/components/landing/pricing.tsx
    ./topinjector/src/app/service/page.tsx @ http://localhost:3000/_next/static/chunks/node_modules_next_dist_1gdrd03._.js:1945
[   98933ms] [LOG] [Fast Refresh] rebuilding @ http://localhost:3000/_next/static/chunks/node_modules_next_dist_1gdrd03._.js:1226
[   99407ms] [ERROR] ./topinjector/src/components/landing/pricing.tsx:29:7
the name `groupDigits` is defined multiple times
  27 |   «1 900» читается как два числа. Узкий неразрывный пробел держит разряд группой.
  28 | */
> 29 | const groupDigits = (price: string) => price.replace(/\s/g, " ");
     |       ^^^^^^^^^^^
  30 |
  31 | export function Pricing() {
  32 |   return (

Ecmascript file had an error

Import trace:
  Server Component:
    ./topinjector/src/components/landing/pricing.tsx
    ./topinjector/src/app/service/page.tsx @ http://localhost:3000/_next/static/chunks/node_modules_next_dist_1gdrd03._.js:1945
[   99485ms] [LOG] [Fast Refresh] rebuilding @ http://localhost:3000/_next/static/chunks/node_modules_next_dist_1gdrd03._.js:1226
[  100453ms] [ERROR] ./topinjector/src/components/landing/pricing.tsx:29:7
the name `groupDigits` is defined multiple times
  27 |   «1 900» читается как два числа. Узкий неразрывный пробел держит разряд группой.
  28 | */
> 29 | const groupDigits = (price: string) => price.replace(/\s/g, " ");
     |       ^^^^^^^^^^^
  30 |
  31 | export function Pricing() {
  32 |   return (

Ecmascript file had an error

Import trace:
  Server Component:
    ./topinjector/src/components/landing/pricing.tsx
    ./topinjector/src/app/service/page.tsx @ http://localhost:3000/_next/static/chunks/node_modules_next_dist_1gdrd03._.js:1945
[  100483ms] [LOG] [Fast Refresh] rebuilding @ http://localhost:3000/_next/static/chunks/node_modules_next_dist_1gdrd03._.js:1226
[  100609ms] [ERROR] ./topinjector/src/components/landing/pricing.tsx:29:7
the name `groupDigits` is defined multiple times
  27 |   «1 900» читается как два числа. Узкий неразрывный пробел держит разряд группой.
  28 | */
> 29 | const groupDigits = (price: string) => price.replace(/\s/g, " ");
     |       ^^^^^^^^^^^
  30 |
  31 | export function Pricing() {
  32 |   return (

Ecmascript file had an error

Import trace:
  Server Component:
    ./topinjector/src/components/landing/pricing.tsx
    ./topinjector/src/app/service/page.tsx @ http://localhost:3000/_next/static/chunks/node_modules_next_dist_1gdrd03._.js:1945
[  100732ms] [ERROR] ./topinjector/src/components/landing/pricing.tsx:29:7
the name `groupDigits` is defined multiple times
  27 |   «1 900» читается как два числа. Узкий неразрывный пробел держит разряд группой.
  28 | */
> 29 | const groupDigits = (price: string) => price.replace(/\s/g, " ");
     |       ^^^^^^^^^^^
  30 |
  31 | export function Pricing() {
  32 |   return (

Ecmascript file had an error

Import trace:
  Server Component:
    ./topinjector/src/components/landing/pricing.tsx
    ./topinjector/src/app/service/page.tsx @ http://localhost:3000/_next/static/chunks/node_modules_next_dist_1gdrd03._.js:1945
[  100779ms] [LOG] [Fast Refresh] rebuilding @ http://localhost:3000/_next/static/chunks/node_modules_next_dist_1gdrd03._.js:1226
[  111632ms] [LOG] [Fast Refresh] rebuilding @ http://localhost:3000/_next/static/chunks/node_modules_next_dist_1gdrd03._.js:1226
[  111877ms] [LOG] [Fast Refresh] done in 56ms @ http://localhost:3000/_next/static/chunks/node_modules_next_dist_1gdrd03._.js:1226
[  112101ms] [LOG] [Fast Refresh] rebuilding @ http://localhost:3000/_next/static/chunks/node_modules_next_dist_1gdrd03._.js:1226
[  112695ms] [LOG] [Fast Refresh] done in 707ms @ http://localhost:3000/_next/static/chunks/node_modules_next_dist_1gdrd03._.js:1226
[  113684ms] [INFO] %cDownload the React DevTools for a better development experience: https://react.dev/link/react-devtools font-weight:bold @ http://localhost:3000/_next/static/chunks/node_modules_next_dist_1ybzpk2._.js:2489
[  114271ms] [LOG] [HMR] connected @ http://localhost:3000/_next/static/chunks/node_modules_next_dist_1ybzpk2._.js:2489
